hi mom
This has ♭한글...테스트
한글...테스트
